// Jest Snapshot v1, https://goo.gl/fbAQLP

exports[`ButtonBar matches the snapshot 1`] = `
<div>
  <LocationButton
    key="0"
    shop="location1"
  />
  <LocationButton
    key="1"
    shop="location2"
  />
</div>
`;
