// Jest Snapshot v1, https://goo.gl/fbAQLP

exports[`LocationButton matches the snapshot 1`] = `
<button
  className="Location-button"
  onClick={[Function]}
  value="Location1"
>
  Location1
</button>
`;
